{
  "create_timestamp": 3,
  "delete_opstamp": 10,
  "footer_offsets": {
    "end": 2000,
    "start": 1000
  },
  "index_uid": "my-index:00000000000000000000000000",
  "maturity": {
    "maturation_period_millis": 4000,
    "type": "immature"
  },
  "node_id": "node",
  "num_docs": 12303,
  "num_merge_ops": 3,
  "partition_id": 7,
  "source_id": "source",
  "split_id": "split",
  "tags": [
    "234",
    "aaa"
  ],
  "time_range": {
    "end": 130198,
    "start": 121000
  },
  "uncompressed_docs_size_in_bytes": 234234,
  "version": "0.7"
}
