{
  "create_timestamp": 3,
  "delete_opstamp": 0,
  "footer_offsets": {
    "end": 2000,
    "start": 1000
  },
  "index_id": "",
  "node_id": "unknown/0",
  "num_docs": 12303,
  "num_merge_ops": 0,
  "partition_id": 7,
  "source_id": "unknown",
  "split_id": "split",
  "tags": [
    "234",
    "aaa"
  ],
  "time_range": {
    "end": 130198,
    "start": 121000
  },
  "uncompressed_docs_size_in_bytes": 234234,
  "version": "1"
}
